// Jest Snapshot v1, https://goo.gl/fbAQLP

exports[`<FeaturesItem /> renders correctly 1`] = `
<View
  accessible={true}
  collapsable={false}
  focusable={true}
  onClick={[Function]}
  onResponderGrant={[Function]}
  onResponderMove={[Function]}
  onResponderRelease={[Function]}
  onResponderTerminate={[Function]}
  onResponderTerminationRequest={[Function]}
  onStartShouldSetResponder={[Function]}
  style={
    Object {
      "alignItems": "center",
      "backgroundColor": "#ffffff",
      "borderRadius": 8,
      "elevation": 5,
      "flexDirection": "row",
      "marginBottom": 20,
      "opacity": 1,
      "shadowColor": "#000000",
      "shadowOffset": Object {
        "height": 0,
        "width": 0,
      },
      "shadowOpacity": 0.3,
      "shadowRadius": 6,
    }
  }
  testID="features-item-id"
>
  <Text
    style={
      Object {
        "color": "#484848",
        "fontSize": 20,
        "fontWeight": "bold",
        "letterSpacing": 0.8,
        "paddingHorizontal": 20,
      }
    }
  />
</View>
`;

exports[`renders correctly 1`] = `
<View
  accessible={true}
  collapsable={false}
  focusable={true}
  onClick={[Function]}
  onResponderGrant={[Function]}
  onResponderMove={[Function]}
  onResponderRelease={[Function]}
  onResponderTerminate={[Function]}
  onResponderTerminationRequest={[Function]}
  onStartShouldSetResponder={[Function]}
  style={
    Object {
      "alignItems": "center",
      "backgroundColor": "#ffffff",
      "borderRadius": 8,
      "elevation": 5,
      "flexDirection": "row",
      "marginBottom": 20,
      "opacity": 1,
      "shadowColor": "#000000",
      "shadowOffset": Object {
        "height": 0,
        "width": 0,
      },
      "shadowOpacity": 0.3,
      "shadowRadius": 6,
    }
  }
  testID="features-item-id"
>
  <Text
    style={
      Object {
        "color": "#484848",
        "fontSize": 20,
        "fontWeight": "bold",
        "letterSpacing": 0.8,
        "paddingHorizontal": 20,
      }
    }
  />
</View>
`;
