// Jest Snapshot v1, https://goo.gl/fbAQLP

exports[`renders correctly 1`] = `
<View
  style={
    {
      "alignItems": "center",
      "backgroundColor": "#ffffff",
      "borderRadius": 45,
      "elevation": 5,
      "height": 45,
      "justifyContent": "center",
      "shadowColor": "#000000",
      "shadowOffset": {
        "height": 0,
        "width": 0,
      },
      "shadowOpacity": 0.3,
      "shadowRadius": 10,
      "width": 45,
    }
  }
  testID="activity-loader-id"
>
  <ActivityIndicator
    color="#003A67"
  />
</View>
`;
